---
source: src/main.rs
expression: result
---
8278005
