---
source: src/main.rs
expression: result
---
199628
