---
source: src/main.rs
expression: result
---
15
