---
source: src/main.rs
expression: result
---
12848882750
