---
source: src/main.rs
expression: result
---
27324
