---
source: src/main.rs
expression: result
---
2713310158
