---
source: src/main.rs
expression: result
---
21276
