---
source: src/main.rs
expression: result
---
24933642
