---
source: src/main.rs
expression: result
---
14920
